// Jest Snapshot v1, https://goo.gl/fbAQLP

exports[`Inline Debugger should monitor expressions in real files with imports 1`] = `
[
  {
    "called": "5",
    "filePath": "/Users/isolomakha/Projects/inline-debugger/src/__tests__/fixtures/app.ts",
    "line": 27,
    "type": "variable",
    "variable": "a",
  },
  {
    "called": "3",
    "filePath": "/Users/isolomakha/Projects/inline-debugger/src/__tests__/fixtures/app.ts",
    "line": 28,
    "type": "variable",
    "variable": "b",
  },
  {
    "called": "8",
    "filePath": "/Users/isolomakha/Projects/inline-debugger/src/__tests__/fixtures/math.ts",
    "line": 6,
    "type": "return",
  },
  {
    "called": "8",
    "filePath": "/Users/isolomakha/Projects/inline-debugger/src/__tests__/fixtures/app.ts",
    "line": 30,
    "type": "variable",
    "variable": "sum",
  },
  {
    "called": "8",
    "filePath": "/Users/isolomakha/Projects/inline-debugger/src/__tests__/fixtures/math.ts",
    "line": 6,
    "type": "return",
  },
  {
    "called": "15",
    "filePath": "/Users/isolomakha/Projects/inline-debugger/src/__tests__/fixtures/math.ts",
    "line": 10,
    "type": "return",
  },
  {
    "called": "15",
    "filePath": "/Users/isolomakha/Projects/inline-debugger/src/__tests__/fixtures/app.ts",
    "line": 31,
    "type": "variable",
    "variable": "product",
  },
  {
    "called": "15",
    "filePath": "/Users/isolomakha/Projects/inline-debugger/src/__tests__/fixtures/math.ts",
    "line": 10,
    "type": "return",
  },
  {
    "called": "125",
    "filePath": "/Users/isolomakha/Projects/inline-debugger/src/__tests__/fixtures/math.ts",
    "line": 14,
    "type": "return",
  },
  {
    "called": "125",
    "filePath": "/Users/isolomakha/Projects/inline-debugger/src/__tests__/fixtures/app.ts",
    "line": 32,
    "type": "variable",
    "variable": "powerResult",
  },
  {
    "called": "125",
    "filePath": "/Users/isolomakha/Projects/inline-debugger/src/__tests__/fixtures/math.ts",
    "line": 14,
    "type": "return",
  },
  {
    "called": [
      ""Math results:"",
      "{"sum":8,"product":15,"powerResult":125}",
    ],
    "filePath": "/Users/isolomakha/Projects/inline-debugger/src/__tests__/fixtures/app.ts",
    "line": 34,
    "type": "log",
  },
  {
    "called": "10",
    "filePath": "/Users/isolomakha/Projects/inline-debugger/src/__tests__/fixtures/app.ts",
    "line": 37,
    "type": "variable",
    "variable": "length",
  },
  {
    "called": "5",
    "filePath": "/Users/isolomakha/Projects/inline-debugger/src/__tests__/fixtures/app.ts",
    "line": 38,
    "type": "variable",
    "variable": "width",
  },
  {
    "called": "50",
    "filePath": "/Users/isolomakha/Projects/inline-debugger/src/__tests__/fixtures/math.ts",
    "line": 18,
    "type": "return",
  },
  {
    "called": "50",
    "filePath": "/Users/isolomakha/Projects/inline-debugger/src/__tests__/fixtures/app.ts",
    "line": 40,
    "type": "variable",
    "variable": "area",
  },
  {
    "called": "50",
    "filePath": "/Users/isolomakha/Projects/inline-debugger/src/__tests__/fixtures/math.ts",
    "line": 18,
    "type": "return",
  },
  {
    "called": "30",
    "filePath": "/Users/isolomakha/Projects/inline-debugger/src/__tests__/fixtures/math.ts",
    "line": 22,
    "type": "return",
  },
  {
    "called": "30",
    "filePath": "/Users/isolomakha/Projects/inline-debugger/src/__tests__/fixtures/app.ts",
    "line": 41,
    "type": "variable",
    "variable": "perimeter",
  },
  {
    "called": "30",
    "filePath": "/Users/isolomakha/Projects/inline-debugger/src/__tests__/fixtures/math.ts",
    "line": 22,
    "type": "return",
  },
  {
    "called": [
      ""Area calculations:"",
      "{"area":50,"perimeter":30}",
    ],
    "filePath": "/Users/isolomakha/Projects/inline-debugger/src/__tests__/fixtures/app.ts",
    "line": 43,
    "type": "log",
  },
  {
    "called": "{"name":"John","age":25}",
    "filePath": "/Users/isolomakha/Projects/inline-debugger/src/__tests__/fixtures/app.ts",
    "line": 46,
    "type": "variable",
    "variable": "user",
  },
  {
    "called": ""John (25)"",
    "filePath": "/Users/isolomakha/Projects/inline-debugger/src/__tests__/fixtures/user.ts",
    "line": 11,
    "type": "return",
  },
  {
    "called": ""John (25)"",
    "filePath": "/Users/isolomakha/Projects/inline-debugger/src/__tests__/fixtures/app.ts",
    "line": 47,
    "type": "variable",
    "variable": "formatted",
  },
  {
    "called": ""John (25)"",
    "filePath": "/Users/isolomakha/Projects/inline-debugger/src/__tests__/fixtures/user.ts",
    "line": 11,
    "type": "return",
  },
  {
    "called": "true",
    "filePath": "/Users/isolomakha/Projects/inline-debugger/src/__tests__/fixtures/user.ts",
    "line": 15,
    "type": "return",
  },
  {
    "called": "true",
    "filePath": "/Users/isolomakha/Projects/inline-debugger/src/__tests__/fixtures/app.ts",
    "line": 48,
    "type": "variable",
    "variable": "isValid",
  },
  {
    "called": "true",
    "filePath": "/Users/isolomakha/Projects/inline-debugger/src/__tests__/fixtures/user.ts",
    "line": 15,
    "type": "return",
  },
  {
    "called": [
      ""User operations:"",
      "{"formatted":"John (25)","isValid":true}",
    ],
    "filePath": "/Users/isolomakha/Projects/inline-debugger/src/__tests__/fixtures/app.ts",
    "line": 50,
    "type": "log",
  },
  {
    "called": """",
    "filePath": "/Users/isolomakha/Projects/inline-debugger/src/__tests__/fixtures/app.ts",
    "line": 53,
    "type": "variable",
    "variable": "errorMessage",
  },
  {
    "called": "{}",
    "filePath": "/Users/isolomakha/Projects/inline-debugger/src/__tests__/fixtures/user.ts",
    "line": 20,
    "type": "throw",
  },
  {
    "called": "{}",
    "filePath": "/Users/isolomakha/Projects/inline-debugger/src/__tests__/fixtures/user.ts",
    "line": 0,
    "type": "throw",
  },
  {
    "called": [
      ""Caught error:"",
      ""Name is required"",
    ],
    "filePath": "/Users/isolomakha/Projects/inline-debugger/src/__tests__/fixtures/app.ts",
    "line": 58,
    "type": "log",
  },
]
`;
