// Jest Snapshot v1, https://goo.gl/fbAQLP

exports[`Inline Debugger should monitor expressions in real files with imports 1`] = `
[
  {
    "called": "8",
    "filePath": "src/__tests__/fixtures/math.ts",
    "line": 6,
    "type": "return",
  },
  {
    "called": "15",
    "filePath": "src/__tests__/fixtures/math.ts",
    "line": 10,
    "type": "return",
  },
  {
    "called": "125",
    "filePath": "src/__tests__/fixtures/math.ts",
    "line": 14,
    "type": "return",
  },
  {
    "called": "125",
    "filePath": "src/__tests__/fixtures/app.ts",
    "line": 38,
    "type": "variable",
    "variable": "powerResult",
  },
  {
    "called": "125",
    "filePath": "src/__tests__/fixtures/math.ts",
    "line": 14,
    "type": "return",
  },
  {
    "called": [
      ""Math results:"",
      "{"sum":8,"product":15,"powerResult":125}",
    ],
    "filePath": "src/__tests__/fixtures/app.ts",
    "line": 40,
    "type": "log",
  },
  {
    "called": "10",
    "filePath": "src/__tests__/fixtures/app.ts",
    "line": 43,
    "type": "variable",
    "variable": "length",
  },
  {
    "called": "50",
    "filePath": "src/__tests__/fixtures/math.ts",
    "line": 18,
    "type": "return",
  },
  {
    "called": [
      ""a"",
    ],
    "filePath": "src/__tests__/fixtures/math.ts",
    "line": 23,
    "type": "log",
  },
  {
    "called": [
      ""b"",
    ],
    "filePath": "src/__tests__/fixtures/math.ts",
    "line": 23,
    "type": "log",
  },
  {
    "called": "30",
    "filePath": "src/__tests__/fixtures/math.ts",
    "line": 25,
    "type": "return",
  },
  {
    "called": ""John (25)"",
    "filePath": "src/__tests__/fixtures/user.ts",
    "line": 11,
    "type": "return",
  },
  {
    "called": "true",
    "filePath": "src/__tests__/fixtures/user.ts",
    "line": 15,
    "type": "return",
  },
  {
    "called": "{}",
    "filePath": "src/__tests__/fixtures/user.ts",
    "line": 20,
    "type": "throw",
  },
  {
    "called": "{}",
    "filePath": "src/__tests__/fixtures/user.ts",
    "line": 0,
    "type": "throw",
  },
]
`;
